Collecting torch>=2.2 (from -r requirements.txt (line 2))
  Downloading torch-2.13.0-cp311-cp311-manylinux_2_28_x86_64.whl.metadata (38 kB)
Collecting torchvision>=0.17 (from -r requirements.txt (line 3))
  Downloading torchvision-0.28.0-cp311-cp311-manylinux_2_28_x86_64.whl.metadata (5.6 kB)
Collecting numpy>=1.26 (from -r requirements.txt (line 4))
  Downloading numpy-2.4.6-cp311-cp311-manylinux_2_27_x86_64.manylinux_2_28_x86_64.whl.metadata (6.6 kB)
Collecting pandas>=2.1 (from -r requirements.txt (line 5))
  Downloading pandas-3.0.5-cp311-cp311-manylinux_2_24_x86_64.manylinux_2_28_x86_64.whl.metadata (79 kB)
Collecting PyYAML>=6.0 (from -r requirements.txt (line 6))
  Downloading pyyaml-6.0.3-cp311-cp311-manylinux2014_x86_64.manylinux_2_17_x86_64.manylinux_2_28_x86_64.whl.metadata (2.4 kB)
Collecting Pillow>=10.0 (from -r requirements.txt (line 7))
  Downloading pillow-12.3.0-cp311-cp311-manylinux_2_27_x86_64.manylinux_2_28_x86_64.whl.metadata (9.1 kB)
Collecting tqdm>=4.66 (from -r requirements.txt (line 8))
  Downloading tqdm-4.70.0-py3-none-any.whl.metadata (57 kB)
Collecting python-dotenv>=1.0 (from -r requirements.txt (line 9))
  Downloading python_dotenv-1.2.2-py3-none-any.whl.metadata (27 kB)
Collecting timm>=0.9.16 (from -r requirements.txt (line 12))
  Downloading timm-1.0.28-py3-none-any.whl.metadata (40 kB)
Collecting ultralytics>=8.3.0 (from -r requirements.txt (line 15))
  Downloading ultralytics-8.4.117-py3-none-any.whl.metadata (45 kB)
Collecting rfdetr>=1.9.0 (from rfdetr[train]>=1.9.0->-r requirements.txt (line 16))
  Downloading rfdetr-1.9.1-py3-none-any.whl.metadata (30 kB)
Collecting torchmetrics>=1.3.0 (from torchmetrics[detection]>=1.3.0->-r requirements.txt (line 17))
  Downloading torchmetrics-1.9.0-py3-none-any.whl.metadata (23 kB)
Collecting pycocotools>=2.0.7 (from -r requirements.txt (line 18))
  Downloading pycocotools-2.0.11-cp311-cp311-manylinux2014_x86_64.manylinux_2_17_x86_64.manylinux_2_28_x86_64.whl.metadata (1.3 kB)
Collecting scikit-learn>=1.4 (from -r requirements.txt (line 21))
  Downloading scikit_learn-1.9.0-cp311-cp311-manylinux_2_27_x86_64.manylinux_2_28_x86_64.whl.metadata (11 kB)
Collecting matplotlib>=3.8 (from -r requirements.txt (line 22))
  Downloading matplotlib-3.11.1-cp311-cp311-manylinux2014_x86_64.manylinux_2_17_x86_64.whl.metadata (80 kB)
Collecting seaborn>=0.13 (from -r requirements.txt (line 23))
  Downloading seaborn-0.13.2-py3-none-any.whl.metadata (5.4 kB)
Collecting mlflow>=2.14.0 (from -r requirements.txt (line 26))
  Downloading mlflow-3.15.1-py3-none-any.whl.metadata (49 kB)
Collecting databricks-sdk>=0.20.0 (from -r requirements.txt (line 27))
  Downloading databricks_sdk-0.125.0-py3-none-any.whl.metadata (44 kB)
Collecting filelock (from torch>=2.2->-r requirements.txt (line 2))
  Downloading filelock-3.32.2-py3-none-any.whl.metadata (2.0 kB)
Collecting typing-extensions>=4.10.0 (from torch>=2.2->-r requirements.txt (line 2))
  Downloading typing_extensions-4.16.0-py3-none-any.whl.metadata (3.3 kB)
Collecting setuptools>=77.0.3 (from torch>=2.2->-r requirements.txt (line 2))
  Downloading setuptools-84.0.0-py3-none-any.whl.metadata (6.6 kB)
Collecting sympy>=1.13.3 (from torch>=2.2->-r requirements.txt (line 2))
  Downloading sympy-1.14.0-py3-none-any.whl.metadata (12 kB)
Collecting networkx>=2.5.1 (from torch>=2.2->-r requirements.txt (line 2))
  Downloading networkx-3.6.1-py3-none-any.whl.metadata (6.8 kB)
Collecting jinja2 (from torch>=2.2->-r requirements.txt (line 2))
  Downloading jinja2-3.1.6-py3-none-any.whl.metadata (2.9 kB)
Collecting fsspec>=0.8.5 (from torch>=2.2->-r requirements.txt (line 2))
  Downloading fsspec-2026.7.0-py3-none-any.whl.metadata (10 kB)
Collecting cuda-toolkit==13.0.3 (from cuda-toolkit[cublas,cudart,cufft,cufile,cupti,curand,cusolver,cusparse,nvjitlink,nvrtc,nvtx]==13.0.3; platform_system == "Linux"->torch>=2.2->-r requirements.txt (line 2))
  Downloading cuda_toolkit-13.0.3.0-py2.py3-none-any.whl.metadata (17 kB)
Collecting cuda-bindings<14,>=13.0.3 (from torch>=2.2->-r requirements.txt (line 2))
  Downloading cuda_bindings-13.3.1-cp311-cp311-manylinux_2_24_x86_64.manylinux_2_28_x86_64.whl.metadata (2.5 kB)
Collecting nvidia-cudnn-cu13==9.20.0.48 (from torch>=2.2->-r requirements.txt (line 2))
  Downloading nvidia_cudnn_cu13-9.20.0.48-py3-none-manylinux_2_27_x86_64.whl.metadata (1.9 kB)
Collecting nvidia-cusparselt-cu13==0.8.1 (from torch>=2.2->-r requirements.txt (line 2))
  Downloading nvidia_cusparselt_cu13-0.8.1-py3-none-manylinux2014_x86_64.whl.metadata (12 kB)
Collecting nvidia-nccl-cu13==2.29.7 (from torch>=2.2->-r requirements.txt (line 2))
  Downloading nvidia_nccl_cu13-2.29.7-py3-none-manylinux_2_18_x86_64.whl.metadata (2.1 kB)
Collecting nvidia-nvshmem-cu13==3.4.5 (from torch>=2.2->-r requirements.txt (line 2))
  Downloading nvidia_nvshmem_cu13-3.4.5-py3-none-manylinux2014_x86_64.manylinux_2_17_x86_64.whl.metadata (2.1 kB)
Collecting triton==3.7.1 (from torch>=2.2->-r requirements.txt (line 2))
  Downloading triton-3.7.1-cp311-cp311-manylinux_2_27_x86_64.manylinux_2_28_x86_64.whl.metadata (1.7 kB)
Collecting nvidia-cublas==13.1.1.3.* (from cuda-toolkit[cublas,cudart,cufft,cufile,cupti,curand,cusolver,cusparse,nvjitlink,nvrtc,nvtx]==13.0.3; platform_system == "Linux"->torch>=2.2->-r requirements.txt (line 2))
  Downloading nvidia_cublas-13.1.1.3-py3-none-manylinux_2_27_x86_64.whl.metadata (1.8 kB)
Collecting nvidia-cuda-nvrtc==13.0.88.* (from cuda-toolkit[cublas,cudart,cufft,cufile,cupti,curand,cusolver,cusparse,nvjitlink,nvrtc,nvtx]==13.0.3; platform_system == "Linux"->torch>=2.2->-r requirements.txt (line 2))
  Downloading nvidia_cuda_nvrtc-13.0.88-py3-none-manylinux2010_x86_64.manylinux_2_12_x86_64.whl.metadata (1.7 kB)
Collecting nvidia-cuda-runtime==13.0.96.* (from cuda-toolkit[cublas,cudart,cufft,cufile,cupti,curand,cusolver,cusparse,nvjitlink,nvrtc,nvtx]==13.0.3; platform_system == "Linux"->torch>=2.2->-r requirements.txt (line 2))
  Downloading nvidia_cuda_runtime-13.0.96-py3-none-manylinux2014_x86_64.manylinux_2_17_x86_64.whl.metadata (1.7 kB)
Collecting nvidia-cufft==12.0.0.61.* (from cuda-toolkit[cublas,cudart,cufft,cufile,cupti,curand,cusolver,cusparse,nvjitlink,nvrtc,nvtx]==13.0.3; platform_system == "Linux"->torch>=2.2->-r requirements.txt (line 2))
  Downloading nvidia_cufft-12.0.0.61-py3-none-manylinux2014_x86_64.manylinux_2_17_x86_64.whl.metadata (1.8 kB)
Collecting nvidia-nvjitlink<14,>=13.0.88 (from cuda-toolkit[cublas,cudart,cufft,cufile,cupti,curand,cusolver,cusparse,nvjitlink,nvrtc,nvtx]==13.0.3; platform_system == "Linux"->torch>=2.2->-r requirements.txt (line 2))
  Downloading nvidia_nvjitlink-13.3.33-py3-none-manylinux2010_x86_64.manylinux_2_12_x86_64.whl.metadata (1.8 kB)
Collecting nvidia-cufile==1.15.1.6.* (from cuda-toolkit[cublas,cudart,cufft,cufile,cupti,curand,cusolver,cusparse,nvjitlink,nvrtc,nvtx]==13.0.3; platform_system == "Linux"->torch>=2.2->-r requirements.txt (line 2))
  Downloading nvidia_cufile-1.15.1.6-py3-none-manylinux2014_x86_64.manylinux_2_17_x86_64.whl.metadata (1.7 kB)
Collecting nvidia-cuda-cupti==13.0.85.* (from cuda-toolkit[cublas,cudart,cufft,cufile,cupti,curand,cusolver,cusparse,nvjitlink,nvrtc,nvtx]==13.0.3; platform_system == "Linux"->torch>=2.2->-r requirements.txt (line 2))
  Downloading nvidia_cuda_cupti-13.0.85-py3-none-manylinux_2_25_x86_64.whl.metadata (1.7 kB)
Collecting nvidia-curand==10.4.0.35.* (from cuda-toolkit[cublas,cudart,cufft,cufile,cupti,curand,cusolver,cusparse,nvjitlink,nvrtc,nvtx]==13.0.3; platform_system == "Linux"->torch>=2.2->-r requirements.txt (line 2))
  Downloading nvidia_curand-10.4.0.35-py3-none-manylinux_2_27_x86_64.whl.metadata (1.7 kB)
Collecting nvidia-cusolver==12.0.4.66.* (from cuda-toolkit[cublas,cudart,cufft,cufile,cupti,curand,cusolver,cusparse,nvjitlink,nvrtc,nvtx]==13.0.3; platform_system == "Linux"->torch>=2.2->-r requirements.txt (line 2))
  Downloading nvidia_cusolver-12.0.4.66-py3-none-manylinux_2_27_x86_64.whl.metadata (1.8 kB)
Collecting nvidia-cusparse==12.6.3.3.* (from cuda-toolkit[cublas,cudart,cufft,cufile,cupti,curand,cusolver,cusparse,nvjitlink,nvrtc,nvtx]==13.0.3; platform_system == "Linux"->torch>=2.2->-r requirements.txt (line 2))
  Downloading nvidia_cusparse-12.6.3.3-py3-none-manylinux2014_x86_64.manylinux_2_17_x86_64.whl.metadata (1.8 kB)
Collecting nvidia-nvtx==13.0.85.* (from cuda-toolkit[cublas,cudart,cufft,cufile,cupti,curand,cusolver,cusparse,nvjitlink,nvrtc,nvtx]==13.0.3; platform_system == "Linux"->torch>=2.2->-r requirements.txt (line 2))
  Downloading nvidia_nvtx-13.0.85-py3-none-manylinux1_x86_64.manylinux_2_5_x86_64.whl.metadata (1.8 kB)
Collecting python-dateutil>=2.8.2 (from pandas>=2.1->-r requirements.txt (line 5))
  Downloading python_dateutil-2.9.0.post0-py2.py3-none-any.whl.metadata (8.4 kB)
Collecting huggingface_hub (from timm>=0.9.16->-r requirements.txt (line 12))
  Downloading huggingface_hub-1.27.0-py3-none-any.whl.metadata (16 kB)
Collecting safetensors (from timm>=0.9.16->-r requirements.txt (line 12))
  Downloading safetensors-0.8.0-cp310-abi3-manylinux_2_17_x86_64.manylinux2014_x86_64.whl.metadata (4.2 kB)
Collecting opencv-python!=4.13.0.90,>=4.7.0 (from ultralytics>=8.3.0->-r requirements.txt (line 15))
  Downloading opencv_python-5.0.0.93-cp37-abi3-manylinux_2_28_x86_64.whl.metadata (19 kB)
Collecting requests>=2.23.0 (from ultralytics>=8.3.0->-r requirements.txt (line 15))
  Downloading requests-2.34.2-py3-none-any.whl.metadata (4.8 kB)
Collecting psutil>=5.8.0 (from ultralytics>=8.3.0->-r requirements.txt (line 15))
  Downloading psutil-7.2.2-cp36-abi3-manylinux2010_x86_64.manylinux_2_12_x86_64.manylinux_2_28_x86_64.whl.metadata (22 kB)
Collecting polars>=0.20.0 (from ultralytics>=8.3.0->-r requirements.txt (line 15))
  Downloading polars-1.43.2-py3-none-any.whl.metadata (11 kB)
Collecting nvidia-ml-py>=12.0.0 (from ultralytics>=8.3.0->-r requirements.txt (line 15))
  Downloading nvidia_ml_py-13.610.43-py3-none-any.whl.metadata (9.7 kB)
Collecting ultralytics-thop>=2.1.6 (from ultralytics>=8.3.0->-r requirements.txt (line 15))
  Downloading ultralytics_thop-2.1.6-py3-none-any.whl.metadata (13 kB)
Collecting transformers<6.0.0,>=5.1.0 (from rfdetr>=1.9.0->rfdetr[train]>=1.9.0->-r requirements.txt (line 16))
  Downloading transformers-5.15.0-py3-none-any.whl.metadata (32 kB)
Collecting pydantic<3,>=2.0 (from rfdetr>=1.9.0->rfdetr[train]>=1.9.0->-r requirements.txt (line 16))
  Downloading pydantic-2.13.4-py3-none-any.whl.metadata (109 kB)
Collecting supervision>=0.29.0 (from rfdetr>=1.9.0->rfdetr[train]>=1.9.0->-r requirements.txt (line 16))
  Downloading supervision-0.30.0-py3-none-any.whl.metadata (14 kB)
Collecting pyDeprecate<0.10,>=0.9 (from rfdetr>=1.9.0->rfdetr[train]>=1.9.0->-r requirements.txt (line 16))
  Downloading pydeprecate-0.9.0-py3-none-any.whl.metadata (79 kB)
Collecting packaging>17.1 (from torchmetrics>=1.3.0->torchmetrics[detection]>=1.3.0->-r requirements.txt (line 17))
  Downloading packaging-26.3-py3-none-any.whl.metadata (3.5 kB)
Collecting lightning-utilities>=0.15.3 (from torchmetrics>=1.3.0->torchmetrics[detection]>=1.3.0->-r requirements.txt (line 17))
  Downloading lightning_utilities-0.15.3-py3-none-any.whl.metadata (5.5 kB)
Collecting scipy>=1.10.0 (from scikit-learn>=1.4->-r requirements.txt (line 21))
  Downloading scipy-1.17.1-cp311-cp311-manylinux_2_27_x86_64.manylinux_2_28_x86_64.whl.metadata (62 kB)
Collecting joblib>=1.4.0 (from scikit-learn>=1.4->-r requirements.txt (line 21))
  Downloading joblib-1.5.3-py3-none-any.whl.metadata (5.5 kB)
Collecting narwhals>=2.0.1 (from scikit-learn>=1.4->-r requirements.txt (line 21))
  Downloading narwhals-2.24.0-py3-none-any.whl.metadata (15 kB)
Collecting threadpoolctl>=3.5.0 (from scikit-learn>=1.4->-r requirements.txt (line 21))
  Downloading threadpoolctl-3.6.0-py3-none-any.whl.metadata (13 kB)
Collecting contourpy>=1.0.1 (from matplotlib>=3.8->-r requirements.txt (line 22))
  Downloading contourpy-1.3.3-cp311-cp311-manylinux_2_27_x86_64.manylinux_2_28_x86_64.whl.metadata (5.5 kB)
Collecting cycler>=0.10 (from matplotlib>=3.8->-r requirements.txt (line 22))
  Downloading cycler-0.12.1-py3-none-any.whl.metadata (3.8 kB)
Collecting fonttools>=4.28.2 (from matplotlib>=3.8->-r requirements.txt (line 22))
  Downloading fonttools-4.63.0-cp311-cp311-manylinux2014_x86_64.manylinux_2_17_x86_64.whl.metadata (118 kB)
Collecting kiwisolver>=1.3.1 (from matplotlib>=3.8->-r requirements.txt (line 22))
  Downloading kiwisolver-1.5.0-cp311-cp311-manylinux2014_x86_64.manylinux_2_17_x86_64.whl.metadata (5.1 kB)
Collecting pyparsing>=3 (from matplotlib>=3.8->-r requirements.txt (line 22))
  Downloading pyparsing-3.3.2-py3-none-any.whl.metadata (5.8 kB)
Collecting mlflow-skinny==3.15.1 (from mlflow>=2.14.0->-r requirements.txt (line 26))
  Downloading mlflow_skinny-3.15.1-py3-none-any.whl.metadata (50 kB)
Collecting mlflow-tracing==3.15.1 (from mlflow>=2.14.0->-r requirements.txt (line 26))
  Downloading mlflow_tracing-3.15.1-py3-none-any.whl.metadata (19 kB)
Collecting Flask-CORS<7 (from mlflow>=2.14.0->-r requirements.txt (line 26))
  Downloading flask_cors-6.0.5-py3-none-any.whl.metadata (5.4 kB)
Collecting Flask<4 (from mlflow>=2.14.0->-r requirements.txt (line 26))
  Downloading flask-3.1.3-py3-none-any.whl.metadata (3.2 kB)
Collecting aiohttp<4,>=3.7.0 (from mlflow>=2.14.0->-r requirements.txt (line 26))
  Downloading aiohttp-3.14.3-cp311-cp311-manylinux2014_x86_64.manylinux_2_17_x86_64.manylinux_2_28_x86_64.whl.metadata (8.3 kB)
Collecting alembic!=1.10.0,<2 (from mlflow>=2.14.0->-r requirements.txt (line 26))
  Downloading alembic-1.19.1-py3-none-any.whl.metadata (7.3 kB)
Collecting cryptography<50,>=43.0.0 (from mlflow>=2.14.0->-r requirements.txt (line 26))
  Downloading cryptography-49.0.0-cp311-abi3-manylinux_2_34_x86_64.whl.metadata (4.3 kB)
Collecting docker<8,>=4.0.0 (from mlflow>=2.14.0->-r requirements.txt (line 26))
  Downloading docker-7.2.0-py3-none-any.whl.metadata (3.8 kB)
Collecting graphene<4 (from mlflow>=2.14.0->-r requirements.txt (line 26))
  Downloading graphene-3.4.3-py2.py3-none-any.whl.metadata (6.9 kB)
Collecting gunicorn<27 (from mlflow>=2.14.0->-r requirements.txt (line 26))
  Downloading gunicorn-26.0.0-py3-none-any.whl.metadata (5.4 kB)
Collecting huey<4,>=2.5.4 (from mlflow>=2.14.0->-r requirements.txt (line 26))
  Downloading huey-3.3.4-py3-none-any.whl.metadata (5.6 kB)
Collecting pandas>=2.1 (from -r requirements.txt (line 5))
  Downloading pandas-2.3.3-cp311-cp311-manylinux_2_24_x86_64.manylinux_2_28_x86_64.whl.metadata (91 kB)
Collecting pyarrow<26,>=4.0.0 (from mlflow>=2.14.0->-r requirements.txt (line 26))
  Downloading pyarrow-25.0.1-cp311-cp311-manylinux_2_28_x86_64.whl.metadata (3.0 kB)
Collecting skops<1 (from mlflow>=2.14.0->-r requirements.txt (line 26))
  Downloading skops-0.14.0-py3-none-any.whl.metadata (4.4 kB)
Collecting sqlalchemy<3,>=1.4.0 (from mlflow>=2.14.0->-r requirements.txt (line 26))
  Downloading sqlalchemy-2.0.51-cp311-cp311-manylinux2014_x86_64.manylinux_2_17_x86_64.manylinux_2_28_x86_64.whl.metadata (9.5 kB)
Collecting cachetools<8,>=5.0.0 (from mlflow-skinny==3.15.1->mlflow>=2.14.0->-r requirements.txt (line 26))
  Downloading cachetools-7.1.7-py3-none-any.whl.metadata (5.5 kB)
Collecting click<9,>=7.0 (from mlflow-skinny==3.15.1->mlflow>=2.14.0->-r requirements.txt (line 26))
  Downloading click-8.4.2-py3-none-any.whl.metadata (2.6 kB)
Collecting cloudpickle<4 (from mlflow-skinny==3.15.1->mlflow>=2.14.0->-r requirements.txt (line 26))
  Downloading cloudpickle-3.1.2-py3-none-any.whl.metadata (7.1 kB)
Collecting fastapi<1 (from mlflow-skinny==3.15.1->mlflow>=2.14.0->-r requirements.txt (line 26))
  Downloading fastapi-0.141.1-py3-none-any.whl.metadata (27 kB)
Collecting gitpython<4,>=3.1.9 (from mlflow-skinny==3.15.1->mlflow>=2.14.0->-r requirements.txt (line 26))
  Downloading gitpython-3.1.59-py3-none-any.whl.metadata (13 kB)
Collecting importlib_metadata!=4.7.0,<10,>=3.7.0 (from mlflow-skinny==3.15.1->mlflow>=2.14.0->-r requirements.txt (line 26))
  Downloading importlib_metadata-9.0.0-py3-none-any.whl.metadata (4.5 kB)
Collecting opentelemetry-api<3,>=1.9.0 (from mlflow-skinny==3.15.1->mlflow>=2.14.0->-r requirements.txt (line 26))
  Downloading opentelemetry_api-1.44.0-py3-none-any.whl.metadata (1.4 kB)
Collecting opentelemetry-proto<3,>=1.9.0 (from mlflow-skinny==3.15.1->mlflow>=2.14.0->-r requirements.txt (line 26))
  Downloading opentelemetry_proto-1.44.0-py3-none-any.whl.metadata (2.3 kB)
Collecting opentelemetry-sdk<3,>=1.9.0 (from mlflow-skinny==3.15.1->mlflow>=2.14.0->-r requirements.txt (line 26))
  Downloading opentelemetry_sdk-1.44.0-py3-none-any.whl.metadata (1.6 kB)
Collecting protobuf<8,>=3.12.0 (from mlflow-skinny==3.15.1->mlflow>=2.14.0->-r requirements.txt (line 26))
  Downloading protobuf-7.35.1-cp310-abi3-manylinux2014_x86_64.whl.metadata (595 bytes)
Collecting sqlparse<1,>=0.4.0 (from mlflow-skinny==3.15.1->mlflow>=2.14.0->-r requirements.txt (line 26))
  Downloading sqlparse-0.5.5-py3-none-any.whl.metadata (4.7 kB)
Collecting starlette<2 (from mlflow-skinny==3.15.1->mlflow>=2.14.0->-r requirements.txt (line 26))
  Downloading starlette-1.6.0-py3-none-any.whl.metadata (6.4 kB)
Collecting uvicorn<1 (from mlflow-skinny==3.15.1->mlflow>=2.14.0->-r requirements.txt (line 26))
  Downloading uvicorn-0.52.1-py3-none-any.whl.metadata (6.6 kB)
Collecting pytz>=2020.1 (from pandas>=2.1->-r requirements.txt (line 5))
  Downloading pytz-2026.3.post1-py2.py3-none-any.whl.metadata (22 kB)
Collecting tzdata>=2022.7 (from pandas>=2.1->-r requirements.txt (line 5))
  Downloading tzdata-2026.3-py2.py3-none-any.whl.metadata (1.4 kB)
Collecting google-auth~=2.0 (from databricks-sdk>=0.20.0->-r requirements.txt (line 27))
  Downloading google_auth-2.56.3-py3-none-any.whl.metadata (6.0 kB)
Collecting protobuf<8,>=3.12.0 (from mlflow-skinny==3.15.1->mlflow>=2.14.0->-r requirements.txt (line 26))
  Downloading protobuf-6.33.6-cp39-abi3-manylinux2014_x86_64.whl.metadata (593 bytes)
Collecting urllib3<3,>=1.26 (from databricks-sdk>=0.20.0->-r requirements.txt (line 27))
  Downloading urllib3-2.7.0-py3-none-any.whl.metadata (6.9 kB)
Collecting peft (from rfdetr[train]>=1.9.0->-r requirements.txt (line 16))
  Downloading peft-0.20.0-py3-none-any.whl.metadata (14 kB)
Collecting pytorch_lightning!=2.6.2,!=2.6.3,<3,>=2.6 (from rfdetr[train]>=1.9.0->-r requirements.txt (line 16))
  Downloading pytorch_lightning-2.6.5-py3-none-any.whl.metadata (21 kB)
Collecting faster-coco-eval>=1.7.2 (from rfdetr[train]>=1.9.0->-r requirements.txt (line 16))
  Downloading faster_coco_eval-1.7.2-cp311-cp311-manylinux_2_17_x86_64.manylinux2014_x86_64.whl.metadata (13 kB)
Collecting roboflow (from rfdetr[train]>=1.9.0->-r requirements.txt (line 16))
  Downloading roboflow-1.4.0-py3-none-any.whl.metadata (11 kB)
Collecting rf100vl (from rfdetr[train]>=1.9.0->-r requirements.txt (line 16))
  Downloading rf100vl-1.1.2-py3-none-any.whl.metadata (8.8 kB)
Collecting aiohappyeyeballs>=2.5.0 (from aiohttp<4,>=3.7.0->mlflow>=2.14.0->-r requirements.txt (line 26))
  Downloading aiohappyeyeballs-2.7.1-py3-none-any.whl.metadata (5.9 kB)
Collecting aiosignal>=1.4.0 (from aiohttp<4,>=3.7.0->mlflow>=2.14.0->-r requirements.txt (line 26))
  Downloading aiosignal-1.4.0-py3-none-any.whl.metadata (3.7 kB)
Collecting attrs>=17.3.0 (from aiohttp<4,>=3.7.0->mlflow>=2.14.0->-r requirements.txt (line 26))
  Downloading attrs-26.1.0-py3-none-any.whl.metadata (8.8 kB)
Collecting frozenlist>=1.1.1 (from aiohttp<4,>=3.7.0->mlflow>=2.14.0->-r requirements.txt (line 26))
  Downloading frozenlist-1.8.0-cp311-cp311-manylinux1_x86_64.manylinux_2_28_x86_64.manylinux_2_5_x86_64.whl.metadata (20 kB)
Collecting multidict<7.0,>=4.5 (from aiohttp<4,>=3.7.0->mlflow>=2.14.0->-r requirements.txt (line 26))
  Downloading multidict-6.7.1-cp311-cp311-manylinux2014_x86_64.manylinux_2_17_x86_64.manylinux_2_28_x86_64.whl.metadata (5.3 kB)
Collecting propcache>=0.2.0 (from aiohttp<4,>=3.7.0->mlflow>=2.14.0->-r requirements.txt (line 26))
  Downloading propcache-0.5.2-cp311-cp311-manylinux2014_x86_64.manylinux_2_17_x86_64.manylinux_2_28_x86_64.whl.metadata (16 kB)
Collecting yarl<2.0,>=1.17.0 (from aiohttp<4,>=3.7.0->mlflow>=2.14.0->-r requirements.txt (line 26))
  Downloading yarl-1.24.5-cp311-cp311-manylinux2014_x86_64.manylinux_2_17_x86_64.manylinux_2_28_x86_64.whl.metadata (103 kB)
Collecting Mako (from alembic!=1.10.0,<2->mlflow>=2.14.0->-r requirements.txt (line 26))
  Downloading mako-1.4.1-py3-none-any.whl.metadata (2.9 kB)
Collecting cffi>=2.0.0 (from cryptography<50,>=43.0.0->mlflow>=2.14.0->-r requirements.txt (line 26))
  Downloading cffi-2.1.1-cp311-cp311-manylinux2014_x86_64.manylinux_2_17_x86_64.whl.metadata (2.5 kB)
Collecting cuda-pathfinder>=1.4.2 (from cuda-bindings<14,>=13.0.3->torch>=2.2->-r requirements.txt (line 2))
  Downloading cuda_pathfinder-1.6.0-py3-none-any.whl.metadata (1.9 kB)
Collecting blinker>=1.9.0 (from Flask<4->mlflow>=2.14.0->-r requirements.txt (line 26))
  Downloading blinker-1.9.0-py3-none-any.whl.metadata (1.6 kB)
Collecting itsdangerous>=2.2.0 (from Flask<4->mlflow>=2.14.0->-r requirements.txt (line 26))
  Downloading itsdangerous-2.2.0-py3-none-any.whl.metadata (1.9 kB)
Collecting markupsafe>=2.1.1 (from Flask<4->mlflow>=2.14.0->-r requirements.txt (line 26))
  Downloading markupsafe-3.0.3-cp311-cp311-manylinux2014_x86_64.manylinux_2_17_x86_64.manylinux_2_28_x86_64.whl.metadata (2.7 kB)
Collecting werkzeug>=3.1.0 (from Flask<4->mlflow>=2.14.0->-r requirements.txt (line 26))
  Downloading werkzeug-3.1.8-py3-none-any.whl.metadata (4.0 kB)
Collecting pyasn1-modules>=0.2.1 (from google-auth~=2.0->databricks-sdk>=0.20.0->-r requirements.txt (line 27))
  Downloading pyasn1_modules-0.4.2-py3-none-any.whl.metadata (3.5 kB)
Collecting graphql-core<3.3,>=3.1 (from graphene<4->mlflow>=2.14.0->-r requirements.txt (line 26))
  Downloading graphql_core-3.2.11-py3-none-any.whl.metadata (11 kB)
Collecting graphql-relay<3.3,>=3.1 (from graphene<4->mlflow>=2.14.0->-r requirements.txt (line 26))
  Downloading graphql_relay-3.2.0-py3-none-any.whl.metadata (12 kB)
Collecting polars-runtime-32==1.43.2 (from polars>=0.20.0->ultralytics>=8.3.0->-r requirements.txt (line 15))
  Downloading polars_runtime_32-1.43.2-cp310-abi3-manylinux_2_17_x86_64.manylinux2014_x86_64.whl.metadata (1.5 kB)
Collecting annotated-types>=0.6.0 (from pydantic<3,>=2.0->rfdetr>=1.9.0->rfdetr[train]>=1.9.0->-r requirements.txt (line 16))
  Downloading annotated_types-0.8.0-py3-none-any.whl.metadata (15 kB)
Collecting pydantic-core==2.46.4 (from pydantic<3,>=2.0->rfdetr>=1.9.0->rfdetr[train]>=1.9.0->-r requirements.txt (line 16))
  Downloading pydantic_core-2.46.4-cp311-cp311-manylinux_2_17_x86_64.manylinux2014_x86_64.whl.metadata (6.6 kB)
Collecting typing-inspection>=0.4.2 (from pydantic<3,>=2.0->rfdetr>=1.9.0->rfdetr[train]>=1.9.0->-r requirements.txt (line 16))
  Downloading typing_inspection-0.4.3-py3-none-any.whl.metadata (2.6 kB)
Collecting six>=1.5 (from python-dateutil>=2.8.2->pandas>=2.1->-r requirements.txt (line 5))
  Downloading six-1.17.0-py2.py3-none-any.whl.metadata (1.7 kB)
Collecting charset_normalizer<4,>=2 (from requests>=2.23.0->ultralytics>=8.3.0->-r requirements.txt (line 15))
  Downloading charset_normalizer-3.4.9-cp311-cp311-manylinux2014_x86_64.manylinux_2_17_x86_64.manylinux_2_28_x86_64.whl.metadata (41 kB)
Collecting idna<4,>=2.5 (from requests>=2.23.0->ultralytics>=8.3.0->-r requirements.txt (line 15))
  Downloading idna-3.18-py3-none-any.whl.metadata (6.1 kB)
Collecting certifi>=2023.5.7 (from requests>=2.23.0->ultralytics>=8.3.0->-r requirements.txt (line 15))
  Downloading certifi-2026.7.22-py3-none-any.whl.metadata (2.5 kB)
Collecting prettytable>=3.9 (from skops<1->mlflow>=2.14.0->-r requirements.txt (line 26))
  Downloading prettytable-3.18.0-py3-none-any.whl.metadata (37 kB)
Collecting greenlet>=1 (from sqlalchemy<3,>=1.4.0->mlflow>=2.14.0->-r requirements.txt (line 26))
  Downloading greenlet-3.5.5-cp311-cp311-manylinux_2_24_x86_64.manylinux_2_28_x86_64.whl.metadata (3.8 kB)
Collecting av>=14.2 (from supervision>=0.29.0->rfdetr>=1.9.0->rfdetr[train]>=1.9.0->-r requirements.txt (line 16))
  Downloading av-18.0.0-cp311-abi3-manylinux_2_28_x86_64.whl.metadata (4.5 kB)
Collecting defusedxml>=0.7.1 (from supervision>=0.29.0->rfdetr>=1.9.0->rfdetr[train]>=1.9.0->-r requirements.txt (line 16))
  Downloading defusedxml-0.7.1-py2.py3-none-any.whl.metadata (32 kB)
Collecting mpmath<1.4,>=1.1.0 (from sympy>=1.13.3->torch>=2.2->-r requirements.txt (line 2))
  Downloading mpmath-1.3.0-py3-none-any.whl.metadata (8.6 kB)
Collecting regex>=2025.10.22 (from transformers<6.0.0,>=5.1.0->rfdetr>=1.9.0->rfdetr[train]>=1.9.0->-r requirements.txt (line 16))
  Downloading regex-2026.7.19-cp311-cp311-manylinux2014_x86_64.manylinux_2_17_x86_64.manylinux_2_28_x86_64.whl.metadata (40 kB)
Collecting tokenizers<=0.23.0,>=0.22.0 (from transformers<6.0.0,>=5.1.0->rfdetr>=1.9.0->rfdetr[train]>=1.9.0->-r requirements.txt (line 16))
  Downloading tokenizers-0.22.2-cp39-abi3-manylinux_2_17_x86_64.manylinux2014_x86_64.whl.metadata (7.3 kB)
Collecting typer (from transformers<6.0.0,>=5.1.0->rfdetr>=1.9.0->rfdetr[train]>=1.9.0->-r requirements.txt (line 16))
  Downloading typer-0.27.1-py3-none-any.whl.metadata (16 kB)
Collecting hf-xet<2.0.0,>=1.5.2 (from huggingface_hub->timm>=0.9.16->-r requirements.txt (line 12))
  Downloading hf_xet-1.6.0-cp38-abi3-manylinux2014_x86_64.manylinux_2_17_x86_64.whl.metadata (4.9 kB)
Collecting httpx<1,>=0.23.0 (from huggingface_hub->timm>=0.9.16->-r requirements.txt (line 12))
  Downloading httpx-0.28.1-py3-none-any.whl.metadata (7.1 kB)
Collecting accelerate>=0.21.0 (from peft->rfdetr[train]>=1.9.0->-r requirements.txt (line 16))
  Downloading accelerate-1.14.0-py3-none-any.whl.metadata (19 kB)
Collecting numpy>=1.26 (from -r requirements.txt (line 4))
  Downloading numpy-2.3.5-cp311-cp311-manylinux_2_27_x86_64.manylinux_2_28_x86_64.whl.metadata (62 kB)
Collecting opencv-python-headless==4.10.0.84 (from roboflow->rfdetr[train]>=1.9.0->-r requirements.txt (line 16))
  Downloading opencv_python_headless-4.10.0.84-cp37-abi3-manylinux_2_17_x86_64.manylinux2014_x86_64.whl.metadata (20 kB)
Collecting pi-heif<2 (from roboflow->rfdetr[train]>=1.9.0->-r requirements.txt (line 16))
  Downloading pi_heif-1.4.0-cp311-cp311-manylinux_2_27_x86_64.manylinux_2_28_x86_64.whl.metadata (6.3 kB)
Collecting pillow-avif-plugin<2 (from roboflow->rfdetr[train]>=1.9.0->-r requirements.txt (line 16))
  Downloading pillow_avif_plugin-1.6.0-cp311-cp311-manylinux_2_28_x86_64.whl.metadata (2.2 kB)
Collecting requests_toolbelt (from roboflow->rfdetr[train]>=1.9.0->-r requirements.txt (line 16))
  Downloading requests_toolbelt-1.0.0-py2.py3-none-any.whl.metadata (14 kB)
Collecting filetype (from roboflow->rfdetr[train]>=1.9.0->-r requirements.txt (line 16))
  Downloading filetype-1.2.0-py2.py3-none-any.whl.metadata (6.5 kB)
Collecting typer (from transformers<6.0.0,>=5.1.0->rfdetr>=1.9.0->rfdetr[train]>=1.9.0->-r requirements.txt (line 16))
  Downloading typer-0.25.1-py3-none-any.whl.metadata (15 kB)
Collecting pycparser (from cffi>=2.0.0->cryptography<50,>=43.0.0->mlflow>=2.14.0->-r requirements.txt (line 26))
  Downloading pycparser-3.0-py3-none-any.whl.metadata (8.2 kB)
Collecting annotated-doc>=0.0.2 (from fastapi<1->mlflow-skinny==3.15.1->mlflow>=2.14.0->-r requirements.txt (line 26))
  Downloading annotated_doc-0.0.5-py3-none-any.whl.metadata (6.5 kB)
Collecting gitdb<5,>=4.0.1 (from gitpython<4,>=3.1.9->mlflow-skinny==3.15.1->mlflow>=2.14.0->-r requirements.txt (line 26))
  Downloading gitdb-4.0.12-py3-none-any.whl.metadata (1.2 kB)
Collecting anyio (from httpx<1,>=0.23.0->huggingface_hub->timm>=0.9.16->-r requirements.txt (line 12))
  Downloading anyio-4.14.2-py3-none-any.whl.metadata (4.6 kB)
Collecting httpcore==1.* (from httpx<1,>=0.23.0->huggingface_hub->timm>=0.9.16->-r requirements.txt (line 12))
  Downloading httpcore-1.0.9-py3-none-any.whl.metadata (21 kB)
Collecting h11>=0.16 (from httpcore==1.*->httpx<1,>=0.23.0->huggingface_hub->timm>=0.9.16->-r requirements.txt (line 12))
  Downloading h11-0.16.0-py3-none-any.whl.metadata (8.3 kB)
Collecting zipp>=3.20 (from importlib_metadata!=4.7.0,<10,>=3.7.0->mlflow-skinny==3.15.1->mlflow>=2.14.0->-r requirements.txt (line 26))
  Downloading zipp-4.1.0-py3-none-any.whl.metadata (3.6 kB)
Collecting opentelemetry-semantic-conventions==0.65b0 (from opentelemetry-sdk<3,>=1.9.0->mlflow-skinny==3.15.1->mlflow>=2.14.0->-r requirements.txt (line 26))
  Downloading opentelemetry_semantic_conventions-0.65b0-py3-none-any.whl.metadata (2.4 kB)
Collecting wcwidth>=0.3.5 (from prettytable>=3.9->skops<1->mlflow>=2.14.0->-r requirements.txt (line 26))
  Downloading wcwidth-0.8.2-py3-none-any.whl.metadata (43 kB)
Collecting pyasn1<0.7.0,>=0.6.1 (from pyasn1-modules>=0.2.1->google-auth~=2.0->databricks-sdk>=0.20.0->-r requirements.txt (line 27))
  Downloading pyasn1-0.6.4-py3-none-any.whl.metadata (8.4 kB)
Collecting shellingham>=1.3.0 (from typer->transformers<6.0.0,>=5.1.0->rfdetr>=1.9.0->rfdetr[train]>=1.9.0->-r requirements.txt (line 16))
  Downloading shellingham-1.5.4-py2.py3-none-any.whl.metadata (3.5 kB)
Collecting rich>=13.8.0 (from typer->transformers<6.0.0,>=5.1.0->rfdetr>=1.9.0->rfdetr[train]>=1.9.0->-r requirements.txt (line 16))
  Downloading rich-15.0.0-py3-none-any.whl.metadata (18 kB)
Collecting smmap<6,>=3.0.1 (from gitdb<5,>=4.0.1->gitpython<4,>=3.1.9->mlflow-skinny==3.15.1->mlflow>=2.14.0->-r requirements.txt (line 26))
  Downloading smmap-5.0.3-py3-none-any.whl.metadata (4.6 kB)
Collecting markdown-it-py>=2.2.0 (from rich>=13.8.0->typer->transformers<6.0.0,>=5.1.0->rfdetr>=1.9.0->rfdetr[train]>=1.9.0->-r requirements.txt (line 16))
  Downloading markdown_it_py-4.2.0-py3-none-any.whl.metadata (7.4 kB)
Collecting pygments<3.0.0,>=2.13.0 (from rich>=13.8.0->typer->transformers<6.0.0,>=5.1.0->rfdetr>=1.9.0->rfdetr[train]>=1.9.0->-r requirements.txt (line 16))
  Downloading pygments-2.20.0-py3-none-any.whl.metadata (2.5 kB)
Collecting mdurl~=0.1 (from markdown-it-py>=2.2.0->rich>=13.8.0->typer->transformers<6.0.0,>=5.1.0->rfdetr>=1.9.0->rfdetr[train]>=1.9.0->-r requirements.txt (line 16))
  Downloading mdurl-0.1.2-py3-none-any.whl.metadata (1.6 kB)
Downloading torch-2.13.0-cp311-cp311-manylinux_2_28_x86_64.whl (526.6 MB)
   ━━━━━━━━━━━━━━━━━━━━━━━━━━━━━━━━━━━━━━━ 526.6/526.6 MB 110.7 MB/s eta 0:00:00
Downloading cuda_toolkit-13.0.3.0-py2.py3-none-any.whl (2.5 kB)
Downloading nvidia_cudnn_cu13-9.20.0.48-py3-none-manylinux_2_27_x86_64.whl (366.2 MB)
   ━━━━━━━━━━━━━━━━━━━━━━━━━━━━━━━━━━━━━━━ 366.2/366.2 MB 140.2 MB/s eta 0:00:00
Downloading nvidia_cusparselt_cu13-0.8.1-py3-none-manylinux2014_x86_64.whl (170.1 MB)
   ━━━━━━━━━━━━━━━━━━━━━━━━━━━━━━━━━━━━━━━ 170.1/170.1 MB 133.9 MB/s eta 0:00:00
Downloading nvidia_nccl_cu13-2.29.7-py3-none-manylinux_2_18_x86_64.whl (206.0 MB)
   ━━━━━━━━━━━━━━━━━━━━━━━━━━━━━━━━━━━━━━━ 206.0/206.0 MB 154.0 MB/s eta 0:00:00
Downloading nvidia_nvshmem_cu13-3.4.5-py3-none-manylinux2014_x86_64.manylinux_2_17_x86_64.whl (60.4 MB)
   ━━━━━━━━━━━━━━━━━━━━━━━━━━━━━━━━━━━━━━━━ 60.4/60.4 MB 127.8 MB/s eta 0:00:00
Downloading triton-3.7.1-cp311-cp311-manylinux_2_27_x86_64.manylinux_2_28_x86_64.whl (197.7 MB)
   ━━━━━━━━━━━━━━━━━━━━━━━━━━━━━━━━━━━━━━━ 197.7/197.7 MB 106.0 MB/s eta 0:00:00
Downloading nvidia_cublas-13.1.1.3-py3-none-manylinux_2_27_x86_64.whl (423.1 MB)
   ━━━━━━━━━━━━━━━━━━━━━━━━━━━━━━━━━━━━━━━ 423.1/423.1 MB 139.1 MB/s eta 0:00:00
Downloading nvidia_cuda_cupti-13.0.85-py3-none-manylinux_2_25_x86_64.whl (10.7 MB)
   ━━━━━━━━━━━━━━━━━━━━━━━━━━━━━━━━━━━━━━━━ 10.7/10.7 MB 152.9 MB/s eta 0:00:00
Downloading nvidia_cuda_nvrtc-13.0.88-py3-none-manylinux2010_x86_64.manylinux_2_12_x86_64.whl (90.2 MB)
   ━━━━━━━━━━━━━━━━━━━━━━━━━━━━━━━━━━━━━━━━ 90.2/90.2 MB 182.0 MB/s eta 0:00:00
Downloading nvidia_cuda_runtime-13.0.96-py3-none-manylinux2014_x86_64.manylinux_2_17_x86_64.whl (2.2 MB)
   ━━━━━━━━━━━━━━━━━━━━━━━━━━━━━━━━━━━━━━━━ 2.2/2.2 MB 201.4 MB/s eta 0:00:00
Downloading nvidia_cufft-12.0.0.61-py3-none-manylinux2014_x86_64.manylinux_2_17_x86_64.whl (214.1 MB)
   ━━━━━━━━━━━━━━━━━━━━━━━━━━━━━━━━━━━━━━━ 214.1/214.1 MB 179.5 MB/s eta 0:00:00
Downloading nvidia_cufile-1.15.1.6-py3-none-manylinux2014_x86_64.manylinux_2_17_x86_64.whl (1.2 MB)
   ━━━━━━━━━━━━━━━━━━━━━━━━━━━━━━━━━━━━━━━━ 1.2/1.2 MB 221.9 MB/s eta 0:00:00
Downloading nvidia_curand-10.4.0.35-py3-none-manylinux_2_27_x86_64.whl (59.5 MB)
   ━━━━━━━━━━━━━━━━━━━━━━━━━━━━━━━━━━━━━━━━ 59.5/59.5 MB 147.3 MB/s eta 0:00:00
Downloading nvidia_cusolver-12.0.4.66-py3-none-manylinux_2_27_x86_64.whl (200.9 MB)
   ━━━━━━━━━━━━━━━━━━━━━━━━━━━━━━━━━━━━━━━ 200.9/200.9 MB 165.6 MB/s eta 0:00:00
Downloading nvidia_cusparse-12.6.3.3-py3-none-manylinux2014_x86_64.manylinux_2_17_x86_64.whl (145.9 MB)
   ━━━━━━━━━━━━━━━━━━━━━━━━━━━━━━━━━━━━━━━ 145.9/145.9 MB 125.1 MB/s eta 0:00:00
Downloading nvidia_nvtx-13.0.85-py3-none-manylinux1_x86_64.manylinux_2_5_x86_64.whl (148 kB)
Downloading torchvision-0.28.0-cp311-cp311-manylinux_2_28_x86_64.whl (7.7 MB)
   ━━━━━━━━━━━━━━━━━━━━━━━━━━━━━━━━━━━━━━━━ 7.7/7.7 MB 132.2 MB/s eta 0:00:00
Downloading pyyaml-6.0.3-cp311-cp311-manylinux2014_x86_64.manylinux_2_17_x86_64.manylinux_2_28_x86_64.whl (806 kB)
   ━━━━━━━━━━━━━━━━━━━━━━━━━━━━━━━━━━━━━━━ 806.6/806.6 kB 108.1 MB/s eta 0:00:00
Downloading pillow-12.3.0-cp311-cp311-manylinux_2_27_x86_64.manylinux_2_28_x86_64.whl (6.9 MB)
   ━━━━━━━━━━━━━━━━━━━━━━━━━━━━━━━━━━━━━━━━ 6.9/6.9 MB 197.7 MB/s eta 0:00:00
Downloading tqdm-4.70.0-py3-none-any.whl (80 kB)
Downloading python_dotenv-1.2.2-py3-none-any.whl (22 kB)
Downloading timm-1.0.28-py3-none-any.whl (2.6 MB)
   ━━━━━━━━━━━━━━━━━━━━━━━━━━━━━━━━━━━━━━━━ 2.6/2.6 MB 227.8 MB/s eta 0:00:00
Downloading ultralytics-8.4.117-py3-none-any.whl (1.4 MB)
   ━━━━━━━━━━━━━━━━━━━━━━━━━━━━━━━━━━━━━━━━ 1.4/1.4 MB 138.2 MB/s eta 0:00:00
Downloading rfdetr-1.9.1-py3-none-any.whl (491 kB)
Downloading torchmetrics-1.9.0-py3-none-any.whl (983 kB)
   ━━━━━━━━━━━━━━━━━━━━━━━━━━━━━━━━━━━━━━━ 983.4/983.4 kB 148.8 MB/s eta 0:00:00
Downloading pycocotools-2.0.11-cp311-cp311-manylinux2014_x86_64.manylinux_2_17_x86_64.manylinux_2_28_x86_64.whl (493 kB)
Downloading scikit_learn-1.9.0-cp311-cp311-manylinux_2_27_x86_64.manylinux_2_28_x86_64.whl (9.3 MB)
   ━━━━━━━━━━━━━━━━━━━━━━━━━━━━━━━━━━━━━━━━ 9.3/9.3 MB 107.5 MB/s eta 0:00:00
Downloading matplotlib-3.11.1-cp311-cp311-manylinux2014_x86_64.manylinux_2_17_x86_64.whl (10.0 MB)
   ━━━━━━━━━━━━━━━━━━━━━━━━━━━━━━━━━━━━━━━━ 10.0/10.0 MB 147.1 MB/s eta 0:00:00
Downloading seaborn-0.13.2-py3-none-any.whl (294 kB)
Downloading mlflow-3.15.1-py3-none-any.whl (11.2 MB)
   ━━━━━━━━━━━━━━━━━━━━━━━━━━━━━━━━━━━━━━━━ 11.2/11.2 MB 94.1 MB/s eta 0:00:00
Downloading mlflow_skinny-3.15.1-py3-none-any.whl (3.6 MB)
   ━━━━━━━━━━━━━━━━━━━━━━━━━━━━━━━━━━━━━━━━ 3.6/3.6 MB 201.9 MB/s eta 0:00:00
Downloading mlflow_tracing-3.15.1-py3-none-any.whl (1.8 MB)
   ━━━━━━━━━━━━━━━━━━━━━━━━━━━━━━━━━━━━━━━━ 1.8/1.8 MB 133.9 MB/s eta 0:00:00
Downloading pandas-2.3.3-cp311-cp311-manylinux_2_24_x86_64.manylinux_2_28_x86_64.whl (12.8 MB)
   ━━━━━━━━━━━━━━━━━━━━━━━━━━━━━━━━━━━━━━━━ 12.8/12.8 MB 172.9 MB/s eta 0:00:00
Downloading databricks_sdk-0.125.0-py3-none-any.whl (1.1 MB)
   ━━━━━━━━━━━━━━━━━━━━━━━━━━━━━━━━━━━━━━━━ 1.1/1.1 MB 129.4 MB/s eta 0:00:00
Downloading aiohttp-3.14.3-cp311-cp311-manylinux2014_x86_64.manylinux_2_17_x86_64.manylinux_2_28_x86_64.whl (1.8 MB)
   ━━━━━━━━━━━━━━━━━━━━━━━━━━━━━━━━━━━━━━━━ 1.8/1.8 MB 168.2 MB/s eta 0:00:00
Downloading alembic-1.19.1-py3-none-any.whl (265 kB)
Downloading contourpy-1.3.3-cp311-cp311-manylinux_2_27_x86_64.manylinux_2_28_x86_64.whl (355 kB)
Downloading cryptography-49.0.0-cp311-abi3-manylinux_2_34_x86_64.whl (4.7 MB)
   ━━━━━━━━━━━━━━━━━━━━━━━━━━━━━━━━━━━━━━━━ 4.7/4.7 MB 235.1 MB/s eta 0:00:00
Downloading cuda_bindings-13.3.1-cp311-cp311-manylinux_2_24_x86_64.manylinux_2_28_x86_64.whl (6.7 MB)
   ━━━━━━━━━━━━━━━━━━━━━━━━━━━━━━━━━━━━━━━━ 6.7/6.7 MB 108.2 MB/s eta 0:00:00
Downloading cycler-0.12.1-py3-none-any.whl (8.3 kB)
Downloading docker-7.2.0-py3-none-any.whl (148 kB)
Downloading faster_coco_eval-1.7.2-cp311-cp311-manylinux_2_17_x86_64.manylinux2014_x86_64.whl (581 kB)
   ━━━━━━━━━━━━━━━━━━━━━━━━━━━━━━━━━━━━━━━━ 581.7/581.7 kB 78.4 MB/s eta 0:00:00
Downloading filelock-3.32.2-py3-none-any.whl (98 kB)
Downloading flask-3.1.3-py3-none-any.whl (103 kB)
Downloading flask_cors-6.0.5-py3-none-any.whl (16 kB)
Downloading fonttools-4.63.0-cp311-cp311-manylinux2014_x86_64.manylinux_2_17_x86_64.whl (5.1 MB)
   ━━━━━━━━━━━━━━━━━━━━━━━━━━━━━━━━━━━━━━━━ 5.1/5.1 MB 79.9 MB/s eta 0:00:00
Downloading fsspec-2026.7.0-py3-none-any.whl (206 kB)
Downloading google_auth-2.56.3-py3-none-any.whl (259 kB)
Downloading graphene-3.4.3-py2.py3-none-any.whl (114 kB)
Downloading gunicorn-26.0.0-py3-none-any.whl (212 kB)
Downloading huey-3.3.4-py3-none-any.whl (123 kB)
Downloading jinja2-3.1.6-py3-none-any.whl (134 kB)
Downloading joblib-1.5.3-py3-none-any.whl (309 kB)
Downloading kiwisolver-1.5.0-cp311-cp311-manylinux2014_x86_64.manylinux_2_17_x86_64.whl (1.4 MB)
   ━━━━━━━━━━━━━━━━━━━━━━━━━━━━━━━━━━━━━━━━ 1.4/1.4 MB 107.5 MB/s eta 0:00:00
Downloading lightning_utilities-0.15.3-py3-none-any.whl (31 kB)
Downloading narwhals-2.24.0-py3-none-any.whl (461 kB)
Downloading networkx-3.6.1-py3-none-any.whl (2.1 MB)
   ━━━━━━━━━━━━━━━━━━━━━━━━━━━━━━━━━━━━━━━━ 2.1/2.1 MB 176.6 MB/s eta 0:00:00
Downloading nvidia_ml_py-13.610.43-py3-none-any.whl (53 kB)
Downloading opencv_python-5.0.0.93-cp37-abi3-manylinux_2_28_x86_64.whl (73.8 MB)
   ━━━━━━━━━━━━━━━━━━━━━━━━━━━━━━━━━━━━━━━━ 73.8/73.8 MB 172.3 MB/s eta 0:00:00
Downloading packaging-26.3-py3-none-any.whl (129 kB)
Downloading polars-1.43.2-py3-none-any.whl (847 kB)
   ━━━━━━━━━━━━━━━━━━━━━━━━━━━━━━━━━━━━━━━ 847.1/847.1 kB 128.1 MB/s eta 0:00:00
Downloading polars_runtime_32-1.43.2-cp310-abi3-manylinux_2_17_x86_64.manylinux2014_x86_64.whl (57.3 MB)
   ━━━━━━━━━━━━━━━━━━━━━━━━━━━━━━━━━━━━━━━━ 57.3/57.3 MB 110.4 MB/s eta 0:00:00
Downloading protobuf-6.33.6-cp39-abi3-manylinux2014_x86_64.whl (323 kB)
Downloading psutil-7.2.2-cp36-abi3-manylinux2010_x86_64.manylinux_2_12_x86_64.manylinux_2_28_x86_64.whl (155 kB)
Downloading pyarrow-25.0.1-cp311-cp311-manylinux_2_28_x86_64.whl (50.1 MB)
   ━━━━━━━━━━━━━━━━━━━━━━━━━━━━━━━━━━━━━━━━ 50.1/50.1 MB 230.7 MB/s eta 0:00:00
Downloading pydantic-2.13.4-py3-none-any.whl (472 kB)
Downloading pydantic_core-2.46.4-cp311-cp311-manylinux_2_17_x86_64.manylinux2014_x86_64.whl (2.1 MB)
   ━━━━━━━━━━━━━━━━━━━━━━━━━━━━━━━━━━━━━━━━ 2.1/2.1 MB 195.8 MB/s eta 0:00:00
Downloading pydeprecate-0.9.0-py3-none-any.whl (102 kB)
Downloading pyparsing-3.3.2-py3-none-any.whl (122 kB)
Downloading python_dateutil-2.9.0.post0-py2.py3-none-any.whl (229 kB)
Downloading pytorch_lightning-2.6.5-py3-none-any.whl (852 kB)
   ━━━━━━━━━━━━━━━━━━━━━━━━━━━━━━━━━━━━━━━ 852.4/852.4 kB 180.6 MB/s eta 0:00:00
Downloading pytz-2026.3.post1-py2.py3-none-any.whl (508 kB)
Downloading requests-2.34.2-py3-none-any.whl (73 kB)
Downloading scipy-1.17.1-cp311-cp311-manylinux_2_27_x86_64.manylinux_2_28_x86_64.whl (35.3 MB)
   ━━━━━━━━━━━━━━━━━━━━━━━━━━━━━━━━━━━━━━━━ 35.3/35.3 MB 194.2 MB/s eta 0:00:00
Downloading setuptools-84.0.0-py3-none-any.whl (818 kB)
   ━━━━━━━━━━━━━━━━━━━━━━━━━━━━━━━━━━━━━━━ 818.2/818.2 kB 173.5 MB/s eta 0:00:00
Downloading skops-0.14.0-py3-none-any.whl (132 kB)
Downloading sqlalchemy-2.0.51-cp311-cp311-manylinux2014_x86_64.manylinux_2_17_x86_64.manylinux_2_28_x86_64.whl (3.3 MB)
   ━━━━━━━━━━━━━━━━━━━━━━━━━━━━━━━━━━━━━━━━ 3.3/3.3 MB 283.7 MB/s eta 0:00:00
Downloading supervision-0.30.0-py3-none-any.whl (373 kB)
Downloading sympy-1.14.0-py3-none-any.whl (6.3 MB)
   ━━━━━━━━━━━━━━━━━━━━━━━━━━━━━━━━━━━━━━━━ 6.3/6.3 MB 161.2 MB/s eta 0:00:00
Downloading threadpoolctl-3.6.0-py3-none-any.whl (18 kB)
Downloading transformers-5.15.0-py3-none-any.whl (11.7 MB)
   ━━━━━━━━━━━━━━━━━━━━━━━━━━━━━━━━━━━━━━━━ 11.7/11.7 MB 223.8 MB/s eta 0:00:00
Downloading huggingface_hub-1.27.0-py3-none-any.whl (784 kB)
   ━━━━━━━━━━━━━━━━━━━━━━━━━━━━━━━━━━━━━━━ 784.9/784.9 kB 142.3 MB/s eta 0:00:00
Downloading safetensors-0.8.0-cp310-abi3-manylinux_2_17_x86_64.manylinux2014_x86_64.whl (516 kB)
Downloading typing_extensions-4.16.0-py3-none-any.whl (45 kB)
Downloading tzdata-2026.3-py2.py3-none-any.whl (348 kB)
Downloading ultralytics_thop-2.1.6-py3-none-any.whl (30 kB)
Downloading urllib3-2.7.0-py3-none-any.whl (131 kB)
Downloading peft-0.20.0-py3-none-any.whl (775 kB)
   ━━━━━━━━━━━━━━━━━━━━━━━━━━━━━━━━━━━━━━━ 775.8/775.8 kB 136.3 MB/s eta 0:00:00
Downloading rf100vl-1.1.2-py3-none-any.whl (17 kB)
Downloading roboflow-1.4.0-py3-none-any.whl (285 kB)
Downloading opencv_python_headless-4.10.0.84-cp37-abi3-manylinux_2_17_x86_64.manylinux2014_x86_64.whl (49.9 MB)
   ━━━━━━━━━━━━━━━━━━━━━━━━━━━━━━━━━━━━━━━━ 49.9/49.9 MB 98.2 MB/s eta 0:00:00
Downloading numpy-2.3.5-cp311-cp311-manylinux_2_27_x86_64.manylinux_2_28_x86_64.whl (16.9 MB)
   ━━━━━━━━━━━━━━━━━━━━━━━━━━━━━━━━━━━━━━━━ 16.9/16.9 MB 133.7 MB/s eta 0:00:00
Downloading accelerate-1.14.0-py3-none-any.whl (389 kB)
Downloading aiohappyeyeballs-2.7.1-py3-none-any.whl (15 kB)
Downloading aiosignal-1.4.0-py3-none-any.whl (7.5 kB)
Downloading annotated_types-0.8.0-py3-none-any.whl (13 kB)
Downloading attrs-26.1.0-py3-none-any.whl (67 kB)
Downloading av-18.0.0-cp311-abi3-manylinux_2_28_x86_64.whl (35.5 MB)
   ━━━━━━━━━━━━━━━━━━━━━━━━━━━━━━━━━━━━━━━━ 35.5/35.5 MB 142.0 MB/s eta 0:00:00
Downloading blinker-1.9.0-py3-none-any.whl (8.5 kB)
Downloading cachetools-7.1.7-py3-none-any.whl (16 kB)
Downloading certifi-2026.7.22-py3-none-any.whl (136 kB)
Downloading cffi-2.1.1-cp311-cp311-manylinux2014_x86_64.manylinux_2_17_x86_64.whl (217 kB)
Downloading charset_normalizer-3.4.9-cp311-cp311-manylinux2014_x86_64.manylinux_2_17_x86_64.manylinux_2_28_x86_64.whl (221 kB)
Downloading click-8.4.2-py3-none-any.whl (119 kB)
Downloading cloudpickle-3.1.2-py3-none-any.whl (22 kB)
Downloading cuda_pathfinder-1.6.0-py3-none-any.whl (54 kB)
Downloading defusedxml-0.7.1-py2.py3-none-any.whl (25 kB)
Downloading fastapi-0.141.1-py3-none-any.whl (131 kB)
Downloading frozenlist-1.8.0-cp311-cp311-manylinux1_x86_64.manylinux_2_28_x86_64.manylinux_2_5_x86_64.whl (231 kB)
Downloading gitpython-3.1.59-py3-none-any.whl (220 kB)
Downloading graphql_core-3.2.11-py3-none-any.whl (214 kB)
Downloading graphql_relay-3.2.0-py3-none-any.whl (16 kB)
Downloading greenlet-3.5.5-cp311-cp311-manylinux_2_24_x86_64.manylinux_2_28_x86_64.whl (624 kB)
   ━━━━━━━━━━━━━━━━━━━━━━━━━━━━━━━━━━━━━━━━ 624.6/624.6 kB 96.8 MB/s eta 0:00:00
Downloading hf_xet-1.6.0-cp38-abi3-manylinux2014_x86_64.manylinux_2_17_x86_64.whl (4.5 MB)
   ━━━━━━━━━━━━━━━━━━━━━━━━━━━━━━━━━━━━━━━━ 4.5/4.5 MB 191.3 MB/s eta 0:00:00
Downloading httpx-0.28.1-py3-none-any.whl (73 kB)
Downloading httpcore-1.0.9-py3-none-any.whl (78 kB)
Downloading idna-3.18-py3-none-any.whl (65 kB)
Downloading importlib_metadata-9.0.0-py3-none-any.whl (27 kB)
Downloading itsdangerous-2.2.0-py3-none-any.whl (16 kB)
Downloading markupsafe-3.0.3-cp311-cp311-manylinux2014_x86_64.manylinux_2_17_x86_64.manylinux_2_28_x86_64.whl (22 kB)
Downloading mpmath-1.3.0-py3-none-any.whl (536 kB)
   ━━━━━━━━━━━━━━━━━━━━━━━━━━━━━━━━━━━━━━━━ 536.2/536.2 kB 75.3 MB/s eta 0:00:00
Downloading multidict-6.7.1-cp311-cp311-manylinux2014_x86_64.manylinux_2_17_x86_64.manylinux_2_28_x86_64.whl (246 kB)
Downloading nvidia_nvjitlink-13.3.33-py3-none-manylinux2010_x86_64.manylinux_2_12_x86_64.whl (40.7 MB)
   ━━━━━━━━━━━━━━━━━━━━━━━━━━━━━━━━━━━━━━━━ 40.7/40.7 MB 157.6 MB/s eta 0:00:00
Downloading opentelemetry_api-1.44.0-py3-none-any.whl (60 kB)
Downloading opentelemetry_proto-1.44.0-py3-none-any.whl (72 kB)
Downloading opentelemetry_sdk-1.44.0-py3-none-any.whl (137 kB)
Downloading opentelemetry_semantic_conventions-0.65b0-py3-none-any.whl (204 kB)
Downloading pi_heif-1.4.0-cp311-cp311-manylinux_2_27_x86_64.manylinux_2_28_x86_64.whl (1.5 MB)
   ━━━━━━━━━━━━━━━━━━━━━━━━━━━━━━━━━━━━━━━━ 1.5/1.5 MB 150.7 MB/s eta 0:00:00
Downloading pillow_avif_plugin-1.6.0-cp311-cp311-manylinux_2_28_x86_64.whl (5.4 MB)
   ━━━━━━━━━━━━━━━━━━━━━━━━━━━━━━━━━━━━━━━━ 5.4/5.4 MB 100.0 MB/s eta 0:00:00
Downloading prettytable-3.18.0-py3-none-any.whl (37 kB)
Downloading propcache-0.5.2-cp311-cp311-manylinux2014_x86_64.manylinux_2_17_x86_64.manylinux_2_28_x86_64.whl (58 kB)
Downloading pyasn1_modules-0.4.2-py3-none-any.whl (181 kB)
Downloading regex-2026.7.19-cp311-cp311-manylinux2014_x86_64.manylinux_2_17_x86_64.manylinux_2_28_x86_64.whl (801 kB)
   ━━━━━━━━━━━━━━━━━━━━━━━━━━━━━━━━━━━━━━━━ 801.4/801.4 kB 90.7 MB/s eta 0:00:00
Downloading six-1.17.0-py2.py3-none-any.whl (11 kB)
Downloading sqlparse-0.5.5-py3-none-any.whl (46 kB)
Downloading starlette-1.6.0-py3-none-any.whl (75 kB)
Downloading tokenizers-0.22.2-cp39-abi3-manylinux_2_17_x86_64.manylinux2014_x86_64.whl (3.3 MB)
   ━━━━━━━━━━━━━━━━━━━━━━━━━━━━━━━━━━━━━━━━ 3.3/3.3 MB 168.3 MB/s eta 0:00:00
Downloading typer-0.25.1-py3-none-any.whl (58 kB)
Downloading typing_inspection-0.4.3-py3-none-any.whl (14 kB)
Downloading uvicorn-0.52.1-py3-none-any.whl (79 kB)
Downloading werkzeug-3.1.8-py3-none-any.whl (226 kB)
Downloading yarl-1.24.5-cp311-cp311-manylinux2014_x86_64.manylinux_2_17_x86_64.manylinux_2_28_x86_64.whl (111 kB)
Downloading filetype-1.2.0-py2.py3-none-any.whl (19 kB)
Downloading mako-1.4.1-py3-none-any.whl (80 kB)
Downloading requests_toolbelt-1.0.0-py2.py3-none-any.whl (54 kB)
Downloading annotated_doc-0.0.5-py3-none-any.whl (5.3 kB)
Downloading anyio-4.14.2-py3-none-any.whl (125 kB)
Downloading gitdb-4.0.12-py3-none-any.whl (62 kB)
Downloading h11-0.16.0-py3-none-any.whl (37 kB)
Downloading pyasn1-0.6.4-py3-none-any.whl (84 kB)
Downloading rich-15.0.0-py3-none-any.whl (310 kB)
Downloading shellingham-1.5.4-py2.py3-none-any.whl (9.8 kB)
Downloading wcwidth-0.8.2-py3-none-any.whl (323 kB)
Downloading zipp-4.1.0-py3-none-any.whl (10 kB)
Downloading pycparser-3.0-py3-none-any.whl (48 kB)
Downloading markdown_it_py-4.2.0-py3-none-any.whl (91 kB)
Downloading pygments-2.20.0-py3-none-any.whl (1.2 MB)
   ━━━━━━━━━━━━━━━━━━━━━━━━━━━━━━━━━━━━━━━━ 1.2/1.2 MB 149.5 MB/s eta 0:00:00
Downloading smmap-5.0.3-py3-none-any.whl (24 kB)
Downloading mdurl-0.1.2-py3-none-any.whl (10.0 kB)
Installing collected packages: pytz, pillow-avif-plugin, nvidia-ml-py, nvidia-cusparselt-cu13, mpmath, huey, filetype, cuda-toolkit, zipp, wcwidth, urllib3, tzdata, typing-extensions, triton, tqdm, threadpoolctl, sympy, sqlparse, smmap, six, shellingham, setuptools, safetensors, regex, PyYAML, python-dotenv, pyparsing, pygments, pyDeprecate, pycparser, pyasn1, pyarrow, psutil, protobuf, propcache, polars-runtime-32, Pillow, packaging, nvidia-nvtx, nvidia-nvshmem-cu13, nvidia-nvjitlink, nvidia-nccl-cu13, nvidia-curand, nvidia-cufile, nvidia-cuda-runtime, nvidia-cuda-nvrtc, nvidia-cuda-cupti, numpy, networkx, narwhals, multidict, mdurl, markupsafe, kiwisolver, joblib, itsdangerous, idna, hf-xet, h11, greenlet, graphql-core, fsspec, frozenlist, fonttools, filelock, defusedxml, cycler, cuda-pathfinder, cloudpickle, click, charset_normalizer, certifi, cachetools, blinker, av, attrs, annotated-types, annotated-doc, aiohappyeyeballs, yarl, werkzeug, uvicorn, typing-inspection, sqlalchemy, scipy, requests, python-dateutil, pydantic-core, pycocotools, pyasn1-modules, prettytable, polars, pi-heif, opentelemetry-proto, opentelemetry-api, opencv-python-headless, opencv-python, nvidia-cusparse, nvidia-cufft, nvidia-cublas, markdown-it-py, Mako, lightning-utilities, jinja2, importlib_metadata, httpcore, gunicorn, graphql-relay, gitdb, faster-coco-eval, cuda-bindings, contourpy, cffi, anyio, aiosignal, starlette, scikit-learn, rich, requests_toolbelt, pydantic, pandas, opentelemetry-semantic-conventions, nvidia-cusolver, nvidia-cudnn-cu13, matplotlib, httpx, graphene, gitpython, Flask, docker, cryptography, alembic, aiohttp, typer, supervision, skops, seaborn, opentelemetry-sdk, huggingface_hub, google-auth, Flask-CORS, fastapi, torch, tokenizers, roboflow, databricks-sdk, ultralytics-thop, transformers, torchvision, torchmetrics, rf100vl, mlflow-tracing, mlflow-skinny, accelerate, ultralytics, timm, rfdetr, pytorch_lightning, peft, mlflow
ERROR: pip's dependency resolver does not currently take into account all the packages that are installed. This behaviour is the source of the following dependency conflicts.
torchaudio 2.4.1+cu124 requires torch==2.4.1, but you have torch 2.13.0 which is incompatible.
Successfully installed Flask-3.1.3 Flask-CORS-6.0.5 Mako-1.4.1 Pillow-12.3.0 PyYAML-6.0.3 accelerate-1.14.0 aiohappyeyeballs-2.7.1 aiohttp-3.14.3 aiosignal-1.4.0 alembic-1.19.1 annotated-doc-0.0.5 annotated-types-0.8.0 anyio-4.14.2 attrs-26.1.0 av-18.0.0 blinker-1.9.0 cachetools-7.1.7 certifi-2026.7.22 cffi-2.1.1 charset_normalizer-3.4.9 click-8.4.2 cloudpickle-3.1.2 contourpy-1.3.3 cryptography-49.0.0 cuda-bindings-13.3.1 cuda-pathfinder-1.6.0 cuda-toolkit-13.0.3.0 cycler-0.12.1 databricks-sdk-0.125.0 defusedxml-0.7.1 docker-7.2.0 fastapi-0.141.1 faster-coco-eval-1.7.2 filelock-3.32.2 filetype-1.2.0 fonttools-4.63.0 frozenlist-1.8.0 fsspec-2026.7.0 gitdb-4.0.12 gitpython-3.1.59 google-auth-2.56.3 graphene-3.4.3 graphql-core-3.2.11 graphql-relay-3.2.0 greenlet-3.5.5 gunicorn-26.0.0 h11-0.16.0 hf-xet-1.6.0 httpcore-1.0.9 httpx-0.28.1 huey-3.3.4 huggingface_hub-1.27.0 idna-3.18 importlib_metadata-9.0.0 itsdangerous-2.2.0 jinja2-3.1.6 joblib-1.5.3 kiwisolver-1.5.0 lightning-utilities-0.15.3 markdown-it-py-4.2.0 markupsafe-3.0.3 matplotlib-3.11.1 mdurl-0.1.2 mlflow-3.15.1 mlflow-skinny-3.15.1 mlflow-tracing-3.15.1 mpmath-1.3.0 multidict-6.7.1 narwhals-2.24.0 networkx-3.6.1 numpy-2.3.5 nvidia-cublas-13.1.1.3 nvidia-cuda-cupti-13.0.85 nvidia-cuda-nvrtc-13.0.88 nvidia-cuda-runtime-13.0.96 nvidia-cudnn-cu13-9.20.0.48 nvidia-cufft-12.0.0.61 nvidia-cufile-1.15.1.6 nvidia-curand-10.4.0.35 nvidia-cusolver-12.0.4.66 nvidia-cusparse-12.6.3.3 nvidia-cusparselt-cu13-0.8.1 nvidia-ml-py-13.610.43 nvidia-nccl-cu13-2.29.7 nvidia-nvjitlink-13.3.33 nvidia-nvshmem-cu13-3.4.5 nvidia-nvtx-13.0.85 opencv-python-5.0.0.93 opencv-python-headless-4.10.0.84 opentelemetry-api-1.44.0 opentelemetry-proto-1.44.0 opentelemetry-sdk-1.44.0 opentelemetry-semantic-conventions-0.65b0 packaging-26.3 pandas-2.3.3 peft-0.20.0 pi-heif-1.4.0 pillow-avif-plugin-1.6.0 polars-1.43.2 polars-runtime-32-1.43.2 prettytable-3.18.0 propcache-0.5.2 protobuf-6.33.6 psutil-7.2.2 pyDeprecate-0.9.0 pyarrow-25.0.1 pyasn1-0.6.4 pyasn1-modules-0.4.2 pycocotools-2.0.11 pycparser-3.0 pydantic-2.13.4 pydantic-core-2.46.4 pygments-2.20.0 pyparsing-3.3.2 python-dateutil-2.9.0.post0 python-dotenv-1.2.2 pytorch_lightning-2.6.5 pytz-2026.3.post1 regex-2026.7.19 requests-2.34.2 requests_toolbelt-1.0.0 rf100vl-1.1.2 rfdetr-1.9.1 rich-15.0.0 roboflow-1.4.0 safetensors-0.8.0 scikit-learn-1.9.0 scipy-1.17.1 seaborn-0.13.2 setuptools-84.0.0 shellingham-1.5.4 six-1.17.0 skops-0.14.0 smmap-5.0.3 sqlalchemy-2.0.51 sqlparse-0.5.5 starlette-1.6.0 supervision-0.30.0 sympy-1.14.0 threadpoolctl-3.6.0 timm-1.0.28 tokenizers-0.22.2 torch-2.13.0 torchmetrics-1.9.0 torchvision-0.28.0 tqdm-4.70.0 transformers-5.15.0 triton-3.7.1 typer-0.25.1 typing-extensions-4.16.0 typing-inspection-0.4.3 tzdata-2026.3 ultralytics-8.4.117 ultralytics-thop-2.1.6 urllib3-2.7.0 uvicorn-0.52.1 wcwidth-0.8.2 werkzeug-3.1.8 yarl-1.24.5 zipp-4.1.0
WARNING: Running pip as the 'root' user can result in broken permissions and conflicting behaviour with the system package manager, possibly rendering your system unusable.It is recommended to use a virtual environment instead: https://pip.pypa.io/warnings/venv. Use the --root-user-action option if you know what you are doing and want to suppress this warning.

[notice] A new release of pip is available: 24.2 -> 26.2.1
[notice] To update, run: python3 -m pip install --upgrade pip
